#0 building with "default" instance using docker driver

#1 [internal] load remote build context
#1 DONE 0.0s

#2 copy /context /
#2 DONE 0.0s

#3 [internal] load metadata for docker.io/library/rust:1.95.0-slim-bookworm
#3 DONE 0.4s

#4 [stage-0 1/5] FROM docker.io/library/rust:1.95.0-slim-bookworm@sha256:d7482085ff5b415f84dba5647ae71606650bdef00db7aeb69f4b3d170c3e4082
#4 DONE 0.0s

#5 [stage-0 2/5] RUN apt-get update     && apt-get install --yes --no-install-recommends         build-essential         libfontconfig1-dev         libwayland-dev         libxkbcommon-x11-dev         pkg-config     && rm -rf /var/lib/apt/lists/*
#5 CACHED

#6 [stage-0 3/5] WORKDIR /workspace
#6 CACHED

#7 [stage-0 4/5] COPY . .
#7 DONE 0.0s

#8 [stage-0 5/5] RUN --mount=type=cache,id=musheen-cargo-registry,target=/usr/local/cargo/registry     --mount=type=cache,id=musheen-target,target=/workspace/target     cargo build --locked
#8 0.297    Compiling native-theme-gpui v0.5.8 (/workspace/vendor/native-theme-gpui)
#8 0.616    Compiling musheen v0.1.0 (/workspace)
#8 0.662     Finished `dev` profile [unoptimized + debuginfo] target(s) in 0.55s
#8 DONE 0.7s

#9 exporting to image
#9 exporting layers 0.0s done
#9 writing image sha256:5e96927767723d548e27f4be50b6747cedaa2308392957375310a37d767d2a69 done
#9 naming to docker.io/library/musheen-dep-015:04cfa6bfe863 done
#9 DONE 0.0s

View build details: docker-desktop://dashboard/build/default/default/rae8by8ui1y24mchglz0lauiv
cairn: DEP-015: pass
