#0 building with "default" instance using docker driver

#1 [internal] load remote build context
#1 DONE 0.0s

#2 copy /context /
#2 DONE 0.0s

#3 [internal] load metadata for docker.io/library/rust:1.95.0-slim-bookworm
#3 ...

#4 [auth] library/rust:pull token for registry-1.docker.io
#4 DONE 0.0s

#3 [internal] load metadata for docker.io/library/rust:1.95.0-slim-bookworm
#3 DONE 1.0s

#5 [stage-0 1/7] FROM docker.io/library/rust:1.95.0-slim-bookworm@sha256:d7482085ff5b415f84dba5647ae71606650bdef00db7aeb69f4b3d170c3e4082
#5 DONE 0.0s

#6 [stage-0 3/7] WORKDIR /workspace
#6 CACHED

#7 [stage-0 4/7] COPY Cargo.toml Cargo.lock ./
#7 CACHED

#8 [stage-0 5/7] COPY src ./src
#8 CACHED

#9 [stage-0 2/7] RUN apt-get update     && apt-get install --yes --no-install-recommends         build-essential         libfontconfig1-dev         libwayland-dev         libxkbcommon-x11-dev         pkg-config     && rm -rf /var/lib/apt/lists/*
#9 CACHED

#10 [stage-0 6/7] COPY vendor/native-theme-gpui ./vendor/native-theme-gpui
#10 CACHED

#11 [stage-0 7/7] RUN --mount=type=cache,id=musheen-cargo-registry,target=/usr/local/cargo/registry     --mount=type=cache,id=musheen-target,target=/workspace/target     cargo build --locked
#11 0.282     Updating crates.io index
#11 16.82  Downloading crates ...
#11 16.98   Downloaded adler2 v2.0.1
#11 16.99   Downloaded addr2line v0.25.1
#11 17.01   Downloaded accesskit v0.24.1
#11 17.01   Downloaded aligned v0.4.3
#11 17.02   Downloaded enum-iterator v2.3.0
#11 17.02   Downloaded enum-iterator-derive v1.5.0
#11 17.06   Downloaded equivalent v1.0.2
#11 17.06   Downloaded color_quant v1.1.0
#11 17.07   Downloaded bit_field v0.10.3
#11 17.07   Downloaded enumflags2_derive v0.7.12
#11 17.08   Downloaded equator-macro v0.4.2
#11 17.08   Downloaded equator v0.4.2
#11 17.08   Downloaded enumn v0.1.14
#11 17.08   Downloaded enumflags2 v0.7.12
#11 17.09   Downloaded byteorder-lite v0.1.0
#11 17.09   Downloaded arrayref v0.3.9
#11 17.10   Downloaded atomic-waker v1.1.2
#11 17.10   Downloaded futures-macro v0.3.34
#11 17.10   Downloaded event-listener-strategy v0.5.4
#11 17.11   Downloaded block-buffer v0.12.1
#11 17.11   Downloaded freedesktop-icon v0.0.3
#11 17.12   Downloaded core_maths v0.1.1
#11 17.12   Downloaded aligned-vec v0.6.4
#11 17.15   Downloaded freedesktop-core v0.0.3
#11 17.15   Downloaded futures-task v0.3.34
#11 17.15   Downloaded futures-sink v0.3.34
#11 17.15   Downloaded gpui-pre-ztracing v0.3.5
#11 17.15   Downloaded freedesktop v0.0.3
#11 17.16   Downloaded gpui-pre-util-macros v0.3.5
#11 17.16   Downloaded gpui-pre-refineable v0.3.5
#11 17.16   Downloaded gpui-pre-derive-refineable v0.3.5
#11 17.16   Downloaded form_urlencoded v1.2.2
#11 17.16   Downloaded as-slice v0.2.1
#11 17.16   Downloaded gpui-pre-util v0.3.5
#11 17.16   Downloaded float-cmp v0.9.0
#11 17.16   Downloaded atomic v0.5.3
#11 17.17   Downloaded hash32 v0.3.1
#11 17.18   Downloaded heck v0.5.0
#11 17.18   Downloaded gpui-component-macros v0.6.4
#11 17.19   Downloaded float_next_after v1.0.0
#11 17.19   Downloaded ident_case v1.0.1
#11 17.20   Downloaded futf v0.1.5
#11 17.20   Downloaded cpufeatures v0.3.1
#11 17.20   Downloaded futures-core v0.3.34
#11 17.20   Downloaded futures-io v0.3.34
#11 17.20   Downloaded cfg-if v1.0.5
#11 17.21   Downloaded gpui-pre-shared-string v0.3.5
#11 17.21   Downloaded gpui-pre-collections v0.3.5
#11 17.21   Downloaded errno v0.3.14
#11 17.22   Downloaded dirs v6.0.0
#11 17.22   Downloaded idna_adapter v1.2.2
#11 17.22   Downloaded gpui-pre-ztracing-macro v0.3.5
#11 17.22   Downloaded hex v0.4.3
#11 17.23   Downloaded defmt-parser v1.0.0
#11 17.23   Downloaded darling_macro v0.24.1
#11 17.23   Downloaded compression-core v0.4.33
#11 17.24   Downloaded globwalk v0.8.1
#11 17.24   Downloaded cfg_aliases v0.2.2
#11 17.24   Downloaded inotify-sys v0.1.8
#11 17.24   Downloaded inventory v0.3.24
#11 17.25   Downloaded is-wsl v0.4.0
#11 17.25   Downloaded is-docker v0.2.0
#11 17.25   Downloaded instant v0.1.13
#11 17.25   Downloaded fax v0.2.7
#11 17.26   Downloaded crypto-common v0.2.2
#11 17.26   Downloaded freedesktop-apps v0.0.3
#11 17.26   Downloaded find-msvc-tools v0.1.13
#11 17.27   Downloaded fdeflate v0.3.7
#11 17.27   Downloaded dyn-clone v1.0.20
#11 17.27   Downloaded dirs-sys v0.5.0
#11 17.27   Downloaded http-body v1.1.0
#11 17.27   Downloaded futures-executor v0.3.34
#11 17.28   Downloaded const-random v0.1.18
#11 17.28   Downloaded gpui-pre-perf v0.3.5
#11 17.28   Downloaded gpui-pre-zlog v0.3.5
#11 17.29   Downloaded fastrand v2.5.0
#11 17.30   Downloaded arg_enum_proc_macro v0.3.4
#11 17.30   Downloaded lazy_static v1.5.0
#11 17.30   Downloaded async-recursion v1.1.1
#11 17.31   Downloaded erased-serde v0.4.10
#11 17.31   Downloaded gpui-pre-http-client v0.3.5
#11 17.32   Downloaded globset v0.4.20
#11 17.32   Downloaded glob v0.3.4
#11 17.32   Downloaded filetime v0.2.29
#11 17.33   Downloaded endi v1.1.1
#11 17.33   Downloaded gpui-pre-macros v0.3.5
#11 17.34   Downloaded lyon v1.0.19
#11 17.35   Downloaded mac v0.1.1
#11 17.35   Downloaded maybe-rayon v0.1.1
#11 17.35   Downloaded itoa v1.0.18
#11 17.35   Downloaded konst_macro_rules v0.2.19
#11 17.35   Downloaded loop9 v0.1.5
#11 17.36   Downloaded byteorder v1.5.0
#11 17.36   Downloaded gif v0.14.2
#11 17.36   Downloaded fontconfig-parser v0.5.8
#11 17.37   Downloaded fluent-uri v0.1.4
#11 17.37   Downloaded anstyle v1.0.14
#11 17.37   Downloaded etagere v0.2.15
#11 17.37   Downloaded imgref v1.12.3
#11 17.37   Downloaded gpui-pre-scheduler v0.3.5
#11 17.37   Downloaded blocking v1.7.0
#11 17.38   Downloaded futures-lite v2.6.1
#11 17.38   Downloaded fixedbitset v0.5.7
#11 17.38   Downloaded event-listener v5.4.2
#11 17.38   Downloaded const-random-macro v0.1.16
#11 17.38   Downloaded bitflags v1.3.2
#11 17.38   Downloaded hybrid-array v0.4.15
#11 17.38   Downloaded avif-serialize v0.8.9
#11 17.39   Downloaded async-trait v0.1.92
#11 17.39   Downloaded multiversion_no_op v1.0.0
#11 17.39   Downloaded new_debug_unreachable v1.0.6
#11 17.40   Downloaded native-theme-derive v0.5.8
#11 17.40   Downloaded bs58 v0.5.1
#11 17.40   Downloaded noop_proc_macro v0.3.0
#11 17.40   Downloaded async-fs v2.2.0
#11 17.40   Downloaded convert_case v0.10.0
#11 17.41   Downloaded async-executor v1.14.0
#11 17.41   Downloaded linktime-proc-macro v0.2.3
#11 17.41   Downloaded iana-time-zone v0.1.65
#11 17.41   Downloaded lock_api v0.4.14
#11 17.41   Downloaded getrandom v0.2.17
#11 17.42   Downloaded futures-channel v0.3.34
#11 17.42   Downloaded gpui-pre-sum-tree v0.3.5
#11 17.43   Downloaded crossbeam-queue v0.3.14
#11 17.43   Downloaded inotify v0.10.2
#11 17.43   Downloaded encoding_rs_io v0.1.8
#11 17.43   Downloaded markup5ever_rcdom v0.3.0
#11 17.43   Downloaded mime_guess v2.0.5
#11 17.44   Downloaded num-derive v0.4.2
#11 17.44   Downloaded async-net v2.0.0
#11 17.44   Downloaded data-url v0.3.2
#11 17.44   Downloaded crossbeam-deque v0.8.8
#11 17.44   Downloaded async-broadcast v0.7.2
#11 17.44   Downloaded dlv-list v0.5.2
#11 17.44   Downloaded arraydeque v0.5.1
#11 17.44   Downloaded getrandom v0.4.3
#11 17.45   Downloaded concurrent-queue v2.5.0
#11 17.45   Downloaded embed-resource v3.0.11
#11 17.45   Downloaded crunchy v0.2.4
#11 17.45   Downloaded configparser v3.3.0
#11 17.45   Downloaded autocfg v1.5.1
#11 17.45   Downloaded async-signal v0.2.14
#11 17.45   Downloaded defmt-macros v1.1.1
#11 17.45   Downloaded core_detect v1.0.0
#11 17.45   Downloaded icu_provider v2.3.1
#11 17.46   Downloaded mime v0.3.17
#11 17.46   Downloaded async-channel v2.5.0
#11 17.46   Downloaded compression-codecs v0.4.43
#11 17.46   Downloaded digest v0.11.3
#11 17.46   Downloaded num_cpus v1.17.0
#11 17.46   Downloaded option-ext v0.2.0
#11 17.47   Downloaded deranged v0.5.8
#11 17.47   Downloaded litemap v0.8.3
#11 17.47   Downloaded multiversion-macros v0.9.0
#11 17.48   Downloaded notify-types v2.1.0
#11 17.48   Downloaded nu-ansi-term v0.50.3
#11 17.48   Downloaded base62 v2.2.6
#11 17.48   Downloaded async-process v2.5.0
#11 17.49   Downloaded pico-args v0.5.0
#11 17.49   Downloaded phf_codegen v0.11.3
#11 17.49   Downloaded imagesize v0.15.0
#11 17.49   Downloaded imagesize v0.14.0
#11 17.49   Downloaded notify-types v1.0.1
#11 17.49   Downloaded inotify v0.11.5
#11 17.49   Downloaded nohash-hasher v0.2.0
#11 17.50   Downloaded lyon_algorithms v1.0.21
#11 17.50   Downloaded lyon_path v1.0.19
#11 17.51   Downloaded phf_shared v0.11.3
#11 17.51   Downloaded num-conv v0.2.2
#11 17.51   Downloaded num-complex v0.4.6
#11 17.51   Downloaded potential_utf v0.1.6
#11 17.51   Downloaded indexmap v1.9.3
#11 17.51   Downloaded memmap2 v0.9.11
#11 17.52   Downloaded phf_generator v0.11.3
#11 17.52   Downloaded av1-grain v0.2.5
#11 17.52   Downloaded bzip2 v0.6.1
#11 17.52   Downloaded anyhow v1.0.104
#11 17.52   Downloaded arrayvec v0.7.8
#11 17.52   Downloaded lebe v0.5.3
#11 17.52   Downloaded jobserver v0.1.35
#11 17.52   Downloaded futures v0.3.34
#11 17.53   Downloaded built v0.8.1
#11 17.53   Downloaded num-rational v0.4.2
#11 17.53   Downloaded image-webp v0.2.4
#11 17.53   Downloaded pollster v1.0.1
#11 17.53   Downloaded proc-macro-crate v3.5.0
#11 17.53   Downloaded proc-mounts v0.3.0
#11 17.53   Downloaded profiling v1.0.18
#11 17.53   Downloaded pollster v0.4.0
#11 17.54   Downloaded ignore v0.4.33
#11 17.54   Downloaded log v0.4.34
#11 17.54   Downloaded libbz2-rs-sys v0.2.5
#11 17.54   Downloaded no_std_io2 v0.9.4
#11 17.54   Downloaded pulp-wasm-simd-flag v0.1.1
#11 17.54   Downloaded parking v2.2.1
#11 17.54   Downloaded camino v1.2.6
#11 17.54   Downloaded async-lock v3.4.2
#11 17.54   Downloaded reborrow v0.5.5
#11 17.55   Downloaded crossbeam-utils v0.8.23
#11 17.55   Downloaded crossbeam-epoch v0.9.21
#11 17.55   Downloaded getrandom v0.3.4
#11 17.55   Downloaded crc32fast v1.5.2
#11 17.55   Downloaded const_format_proc_macros v0.2.34
#11 17.55   Downloaded ordered-stream v0.2.0
#11 17.55   Downloaded ordered-multimap v0.7.3
#11 17.56   Downloaded half v2.7.1
#11 17.56   Downloaded icu_normalizer_data v2.3.0
#11 17.56   Downloaded async-task v4.7.1
#11 17.56   Downloaded either v1.18.0
#11 17.56   Downloaded defmt v1.1.1
#11 17.56   Downloaded flume v0.12.0
#11 17.56   Downloaded pkg-config v0.3.34
#11 17.57   Downloaded pin-project-lite v0.2.17
#11 17.57   Downloaded ref-cast v1.0.27
#11 17.57   Downloaded futures-concurrency v7.7.1
#11 17.57   Downloaded pastey v0.1.1
#11 17.57   Downloaded partition-identity v0.3.1
#11 17.57   Downloaded annotate-snippets v0.12.16
#11 17.58   Downloaded html5ever v0.27.0
#11 17.58   Downloaded flate2 v1.1.10
#11 17.58   Downloaded euclid v0.22.14
#11 17.58   Downloaded rust-embed-impl v8.12.0
#11 17.58   Downloaded once_cell v1.21.4
#11 17.58   Downloaded konst v0.2.20
#11 17.59   Downloaded pori v0.0.0
#11 17.59   Downloaded precomputed-hash v0.1.1
#11 17.59   Downloaded multiversion v0.9.0
#11 17.59   Downloaded pin-project-internal v1.1.13
#11 17.59   Downloaded percent-encoding v2.3.2
#11 17.59   Downloaded lsp-types v0.97.0
#11 17.59   Downloaded rand_core v0.6.4
#11 17.59   Downloaded rand_chacha v0.9.0
#11 17.60   Downloaded link-section v0.19.3
#11 17.60   Downloaded phf v0.11.3
#11 17.60   Downloaded normpath v1.5.1
#11 17.60   Downloaded icu_collections v2.3.0
#11 17.60   Downloaded icu_locale_core v2.3.0
#11 17.61   Downloaded num-integer v0.1.47
#11 17.61   Downloaded lyon_geom v1.0.19
#11 17.61   Downloaded same-file v1.0.6
#11 17.61   Downloaded scopeguard v1.2.0
#11 17.62   Downloaded profiling-procmacros v1.0.18
#11 17.62   Downloaded quick-error v2.0.1
#11 17.62   Downloaded fontdb v0.23.0
#11 17.63   Downloaded miniz_oxide v0.9.1
#11 17.63   Downloaded rgb v0.8.53
#11 17.63   Downloaded ppv-lite86 v0.2.21
#11 17.63   Downloaded num-traits v0.2.19
#11 17.63   Downloaded serde_repr v0.1.21
#11 17.63   Downloaded serde_fmt v1.1.0
#11 17.63   Downloaded ref-cast-impl v1.0.27
#11 17.64   Downloaded rust-embed-utils v8.12.0
#11 17.64   Downloaded rust-ini v0.21.3
#11 17.64   Downloaded serde_urlencoded v0.7.1
#11 17.64   Downloaded serde_spanned v0.6.9
#11 17.64   Downloaded rust-i18n-support v4.2.2
#11 17.65   Downloaded rustc-hash v2.1.3
#11 17.65   Downloaded rustc_version v0.4.1
#11 17.66   Downloaded polling v3.11.0
#11 17.66   Downloaded siphasher v1.0.3
#11 17.66   Downloaded schemars_derive v1.2.2
#11 17.66   Downloaded http v1.5.0
#11 17.66   Downloaded rustversion v1.0.23
#11 17.66   Downloaded stable_deref_trait v1.2.1
#11 17.66   Downloaded strum v0.28.0
#11 17.66   Downloaded bytemuck v1.25.2
#11 17.67   Downloaded proc-macro2 v1.0.107
#11 17.67   Downloaded displaydoc v0.2.7
#11 17.67   Downloaded bitflags v2.13.2
#11 17.67   Downloaded serde_spanned v1.1.1
#11 17.67   Downloaded serde_derive_internals v0.30.0
#11 17.67   Downloaded string_cache_codegen v0.5.4
#11 17.67   Downloaded sval_json v2.22.0
#11 17.67   Downloaded strsim v0.11.1
#11 17.67   Downloaded darling v0.24.1
#11 17.68   Downloaded markup5ever v0.12.1
#11 17.68   Downloaded piper v0.2.5
#11 17.68   Downloaded powerfmt v0.2.0
#11 17.68   Downloaded paste v1.0.15
#11 17.68   Downloaded ctor v1.0.13
#11 17.68   Downloaded simd-adler32 v0.3.10
#11 17.69   Downloaded svg_fmt v0.4.5
#11 17.69   Downloaded sval_serde v2.22.0
#11 17.69   Downloaded simplecss v0.2.2
#11 17.69   Downloaded shlex v2.0.1
#11 17.69   Downloaded hashbrown v0.12.3
#11 17.70   Downloaded minimal-lexical v0.2.1
#11 17.70   Downloaded polycool v0.4.0
#11 17.70   Downloaded heapless v0.9.3
#11 17.70   Downloaded pollster v0.2.5
#11 17.70   Downloaded memchr v2.8.3
#11 17.71   Downloaded simd_helpers v0.1.0
#11 17.71   Downloaded smol_str v0.3.6
#11 17.71   Downloaded icu_properties v2.3.0
#11 17.71   Downloaded async-io v2.6.0
#11 17.71   Downloaded sval_ref v2.22.0
#11 17.71   Downloaded roxmltree v0.20.0
#11 17.72   Downloaded strum_macros v0.28.0
#11 17.72   Downloaded string_cache v0.8.9
#11 17.72   Downloaded signal-hook-registry v1.4.8
#11 17.72   Downloaded sha1_smol v1.0.1
#11 17.72   Downloaded synstructure v0.14.0
#11 17.73   Downloaded sha2 v0.11.0
#11 17.73   Downloaded serde_with_macros v3.23.0
#11 17.73   Downloaded shellexpand v3.1.2
#11 17.73   Downloaded open v5.4.4
#11 17.73   Downloaded notify v7.0.0
#11 17.73   Downloaded jiff-core v0.1.1
#11 17.74   Downloaded rand_core v0.10.1
#11 17.74   Downloaded rand_chacha v0.3.1
#11 17.74   Downloaded quote v1.0.47
#11 17.74   Downloaded raw-window-handle v0.6.2
#11 17.74   Downloaded ravif v0.13.0
#11 17.74   Downloaded rand_core v0.9.5
#11 17.75   Downloaded reflink-copy v0.1.30
#11 17.75   Downloaded rust-i18n v4.2.2
#11 17.75   Downloaded thiserror-impl v2.0.20
#11 17.75   Downloaded thiserror v2.0.20
#11 17.76   Downloaded sval_buffer v2.22.0
#11 17.76   Downloaded rustc-demangle v0.1.28
#11 17.76   Downloaded rust-i18n-macro v4.2.2
#11 17.76   Downloaded sval_dynamic v2.22.0
#11 17.76   Downloaded strict-num v0.1.1
#11 17.76   Downloaded thiserror v1.0.69
#11 17.76   Downloaded sharded-slab v0.1.7
#11 17.76   Downloaded num-bigint v0.4.8
#11 17.76   Downloaded tinystr v0.8.4
#11 17.77   Downloaded time-core v0.1.9
#11 17.77   Downloaded typeid v1.0.3
#11 17.77   Downloaded thread_local v1.1.10
#11 17.77   Downloaded unicode-ccc v0.4.0
#11 17.77   Downloaded nom v7.1.3
#11 17.77   Downloaded hashbrown v0.14.5
#11 17.77   Downloaded spin v0.9.9
#11 17.77   Downloaded const-oid v0.10.2
#11 17.78   Downloaded toml_datetime v1.1.1+spec-1.1.0
#11 17.78   Downloaded unicode-vo v0.1.0
#11 17.78   Downloaded parking_lot_core v0.9.12
#11 17.78   Downloaded resvg v0.46.0
#11 17.78   Downloaded value-bag-sval2 v1.14.1
#11 17.78   Downloaded utf8_iter v1.0.4
#11 17.79   Downloaded version_check v0.9.5
#11 17.79   Downloaded value-bag-serde1 v1.14.1
#11 17.79   Downloaded utf-8 v0.7.6
#11 17.79   Downloaded hashbrown v0.17.1
#11 17.80   Downloaded ropey v2.0.0-beta.1
#11 17.80   Downloaded waker-fn v1.2.0
#11 17.80   Downloaded time-macros v0.2.32
#11 17.81   Downloaded tiny-skia-path v0.12.0
#11 17.81   Downloaded toml v0.8.23
#11 17.81   Downloaded unicase v2.9.0
#11 17.81   Downloaded tracing-log v0.2.0
#11 17.81   Downloaded idna v1.1.0
#11 17.82   Downloaded tendril v0.4.3
#11 17.82   Downloaded toml_parser v1.1.3+spec-1.1.0
#11 17.82   Downloaded str_indices v0.4.4
#11 17.82   Downloaded static_assertions v1.1.0
#11 17.82   Downloaded png v0.17.16
#11 17.82   Downloaded slab v0.4.12
#11 17.82   Downloaded simdutf8 v0.1.5
#11 17.82   Downloaded schemars v1.2.2
#11 17.83   Downloaded unicode-xid v0.2.6
#11 17.83   Downloaded futures-util v0.3.34
#11 17.83   Downloaded unicode-bidi-mirroring v0.4.0
#11 17.83   Downloaded toml_write v0.1.2
#11 17.84   Downloaded toml_datetime v0.6.11
#11 17.84   Downloaded const_format v0.2.36
#11 17.84   Downloaded bitstream-io v4.10.0
#11 17.84   Downloaded schemars v0.9.0
#11 17.84   Downloaded tiny-skia-path v0.11.4
#11 17.84   Downloaded seahash v4.1.0
#11 17.85   Downloaded v_frame v0.3.9
#11 17.86   Downloaded icu_properties_data v2.3.0
#11 17.86   Downloaded wasm-bindgen-shared v0.2.128
#11 17.86   Downloaded walkdir v2.5.0
#11 17.89   Downloaded zerofrom-derive v0.1.8
#11 17.90   Downloaded zerofrom v0.1.8
#11 17.90   Downloaded y4m v0.8.0
#11 17.90   Downloaded xattr v1.6.1
#11 17.90   Downloaded triomphe v0.1.16
#11 17.90   Downloaded toml v1.1.6+spec-1.1.0
#11 17.90   Downloaded notify v8.2.0
#11 17.91   Downloaded sval_nested v2.22.0
#11 17.91   Downloaded web-time v1.1.0
#11 17.91   Downloaded darling_core v0.24.1
#11 17.92   Downloaded derive_more v2.1.1
#11 17.92   Downloaded base64 v0.23.1
#11 17.92   Downloaded base64 v0.22.1
#11 17.93   Downloaded arc-swap v1.9.2
#11 17.93   Downloaded bytes v1.12.1
#11 17.93   Downloaded unicode-script v0.5.8
#11 17.93   Downloaded unicode-properties v0.1.4
#11 17.93   Downloaded png v0.18.1
#11 17.93   Downloaded sval_fmt v2.22.0
#11 17.94   Downloaded unicode-ident v1.0.26
#11 17.94   Downloaded sval v2.22.0
#11 17.95   Downloaded writeable v0.6.4
#11 17.95   Downloaded wasm-bindgen-macro v0.2.128
#11 17.95   Downloaded tiny-keccak v2.0.2
#11 17.95   Downloaded thiserror-impl v1.0.69
#11 17.95   Downloaded nom v8.0.0
#11 17.95   Downloaded libm v0.2.16
#11 17.96   Downloaded backtrace v0.3.76
#11 17.96   Downloaded pin-project v1.1.13
#11 17.96   Downloaded parking_lot v0.12.5
#11 17.99   Downloaded gpui-kit-assets v0.6.4
#11 18.02   Downloaded yoke-derive v0.8.3
#11 18.02   Downloaded weezl v0.1.12
#11 18.02   Downloaded zune-inflate v0.2.54
#11 18.02   Downloaded unicode-bidi v0.3.18
#11 18.03   Downloaded lyon_tessellation v1.0.22
#11 18.03   Downloaded unicode-id v0.3.7
#11 18.03   Downloaded kurbo v0.13.1
#11 18.03   Downloaded xmlwriter v0.1.0
#11 18.03   Downloaded toml_writer v1.1.2+spec-1.1.0
#11 18.03   Downloaded toml_edit v0.25.15+spec-1.1.0
#11 18.03   Downloaded spin v0.10.1
#11 18.03   Downloaded smallvec v1.16.1
#11 18.03   Downloaded semver v1.0.28
#11 18.04   Downloaded miniz_oxide v0.8.9
#11 18.04   Downloaded uuid v1.26.1
#11 18.05   Downloaded wasm-bindgen v0.2.128
#11 18.05   Downloaded granit-parser v1.3.0
#11 18.06   Downloaded toml_edit v0.22.27
#11 18.06   Downloaded roxmltree v0.21.1
#11 18.07   Downloaded x11 v2.21.0
#11 18.07   Downloaded tiff v0.11.3
#11 18.07   Downloaded bumpalo v3.20.3
#11 18.07   Downloaded cc v1.4.7
#11 18.07   Downloaded borsh v1.8.1
#11 18.07   Downloaded zvariant_derive v5.15.0
#11 18.08   Downloaded derive_more-impl v2.1.1
#11 18.08   Downloaded zcheapstr v1.1.0
#11 18.08   Downloaded ryu v1.0.23
#11 18.08   Downloaded serde_core v1.0.229
#11 18.10   Downloaded serde_json v1.0.151
#11 18.11   Downloaded zerotrie v0.2.5
#11 18.11   Downloaded zvariant v5.15.0
#11 18.12   Downloaded svgtypes v0.16.1
#11 18.12   Downloaded resvg v0.48.1
#11 18.12   Downloaded gimli v0.32.3
#11 18.12   Downloaded zune-jpeg v0.5.15
#11 18.12   Downloaded sysinfo v0.31.4
#11 18.13   Downloaded zvariant_utils v4.2.0
#11 18.13   Downloaded zune-core v0.5.3
#11 18.13   Downloaded zmij v1.0.23
#11 18.13   Downloaded zerovec-derive v0.11.6
#11 18.13   Downloaded zerocopy-derive v0.8.57
#11 18.13   Downloaded zbus_names v4.3.4
#11 18.13   Downloaded qoi v0.4.1
#11 18.14   Downloaded usvg v0.48.1
#11 18.15   Downloaded yoke v0.8.3
#11 18.15   Downloaded zerovec v0.11.8
#11 18.16   Downloaded slotmap v1.1.1
#11 18.16   Downloaded usvg v0.46.0
#11 18.16   Downloaded zbus_macros v5.19.0
#11 18.16   Downloaded taffy v0.13.0
#11 18.17   Downloaded tiny-skia v0.11.4
#11 18.17   Downloaded value-bag v1.14.1
#11 18.18   Downloaded async-compression v0.4.48
#11 18.18   Downloaded ttf-parser v0.25.1
#11 18.18   Downloaded winnow v1.0.4
#11 18.19   Downloaded tracing-subscriber v0.3.23
#11 18.19   Downloaded serde v1.0.229
#11 18.19   Downloaded xcb v1.7.1
#11 18.19   Downloaded mio v1.2.3
#11 18.20   Downloaded tiny-skia v0.12.0
#11 18.20   Downloaded rand v0.9.5
#11 18.20   Downloaded itertools v0.11.0
#11 18.21   Downloaded encoding_rs v0.8.41
#11 18.21   Downloaded time v0.3.55
#11 18.22   Downloaded nix v0.31.3
#11 18.22   Downloaded unicode-width v0.2.2
#11 18.22   Downloaded url v2.5.8
#11 18.23   Downloaded regex-syntax v0.8.11
#11 18.23   Downloaded raw-cpuid v11.6.0
#11 18.23   Downloaded native-theme v0.5.8
#11 18.24   Downloaded object v0.37.3
#11 18.24   Downloaded aho-corasick v1.1.5
#11 18.24   Downloaded rustybuzz v0.20.1
#11 18.25   Downloaded ashpd v0.13.13
#11 18.25   Downloaded itertools v0.13.0
#11 18.25   Downloaded itertools v0.14.0
#11 18.26   Downloaded postage v0.5.0
#11 18.26   Downloaded wax v0.7.0
#11 18.26   Downloaded icu_normalizer v2.3.0
#11 18.27   Downloaded typenum v1.20.1
#11 18.27   Downloaded winnow v0.7.15
#11 18.27   Downloaded serde_with v3.23.0
#11 18.28   Downloaded rayon-core v1.13.0
#11 18.28   Downloaded unicode-segmentation v1.13.3
#11 18.28   Downloaded jiff v0.2.37
#11 18.29   Downloaded wasm-bindgen-macro-support v0.2.128
#11 18.29   Downloaded regex v1.13.1
#11 18.29   Downloaded gpui-base v0.6.4
#11 18.30   Downloaded pulp v0.22.3
#11 18.30   Downloaded rayon v1.12.0
#11 18.31   Downloaded moxcms v0.8.1
#11 18.31   Downloaded gpui-component v0.6.4
#11 18.32   Downloaded rand v0.8.8
#11 18.32   Downloaded image v0.25.10
#11 18.32   Downloaded libc v0.2.189
#11 18.34   Downloaded markdown v1.0.0
#11 18.34   Downloaded chrono v0.4.45
#11 18.35   Downloaded indexmap v2.14.2
#11 18.35   Downloaded tracing-attributes v0.1.31
#11 18.35   Downloaded tracing-core v0.1.36
#11 18.35   Downloaded tinyvec v1.13.3
#11 18.35   Downloaded quick-xml v0.41.0
#11 18.35   Downloaded serde_derive v1.0.229
#11 18.36   Downloaded xml5ever v0.18.1
#11 18.36   Downloaded rust-embed v8.12.0
#11 18.36   Downloaded zlib-rs v0.6.8
#11 18.36   Downloaded zbus v5.19.0
#11 18.37   Downloaded exr v1.74.2
#11 18.37   Downloaded rav1e v0.8.1
#11 18.39   Downloaded smol v2.0.2
#11 18.40   Downloaded zerocopy v0.8.57
#11 18.42   Downloaded bstr v1.13.1
#11 18.42   Downloaded linux-raw-sys v0.12.1
#11 18.45   Downloaded syn v3.0.6
#11 18.46   Downloaded syn v2.0.119
#11 18.46   Downloaded rustix v1.1.5
#11 18.47   Downloaded av-scenechange v0.14.1
#11 18.48   Downloaded gpui-pre v0.3.5
#11 18.50   Downloaded tracing v0.1.44
#11 18.51   Downloaded regex-automata v0.4.18
#11 18.52   Downloaded serde-saphyr v1.3.0
#11 18.56   Downloaded pxfm v0.1.30
#11 18.74   Downloaded zed-scap v0.0.8-zed
#11 18.82    Compiling unicode-ident v1.0.26
#11 18.87    Compiling quote v1.0.47
#11 18.98    Compiling proc-macro2 v1.0.107
#11 19.51    Compiling syn v3.0.6
#11 21.49    Compiling cfg-if v1.0.5
#11 21.52    Compiling serde_core v1.0.229
#11 22.65    Compiling syn v2.0.119
#11 24.49    Compiling typeid v1.0.3
#11 24.72    Compiling erased-serde v0.4.10
#11 25.58    Compiling libc v0.2.189
#11 25.70    Compiling memchr v2.8.3
#11 26.55    Compiling serde_derive v1.0.229
#11 27.72    Compiling autocfg v1.5.1
#11 27.87    Compiling hashbrown v0.17.1
#11 28.07    Compiling equivalent v1.0.2
#11 28.28    Compiling serde_fmt v1.1.0
#11 28.34    Compiling value-bag-serde1 v1.14.1
#11 28.36    Compiling value-bag v1.14.1
#11 28.53    Compiling smallvec v1.16.1
#11 28.60    Compiling log v0.4.34
#11 28.76    Compiling pin-project-lite v0.2.17
#11 28.79    Compiling serde v1.0.229
#11 29.12    Compiling libm v0.2.16
#11 29.22    Compiling bitflags v2.13.2
#11 29.83    Compiling crossbeam-utils v0.8.23
#11 29.93    Compiling futures-core v0.3.34
#11 30.53    Compiling indexmap v2.14.2
#11 30.78    Compiling winnow v1.0.4
#11 31.24    Compiling stable_deref_trait v1.2.1
#11 31.27    Compiling siphasher v1.0.3
#11 31.32    Compiling futures-io v0.3.34
#11 31.37    Compiling simd-adler32 v0.3.10
#11 31.44    Compiling num-traits v0.2.19
#11 31.49    Compiling adler2 v2.0.1
#11 31.53    Compiling scopeguard v1.2.0
#11 31.61    Compiling aho-corasick v1.1.5
#11 32.71    Compiling parking v2.2.1
#11 32.76    Compiling regex-syntax v0.8.11
#11 33.98    Compiling regex-automata v0.4.18
#11 35.86    Compiling toml_parser v1.1.3+spec-1.1.0
#11 36.13    Compiling toml_datetime v1.1.1+spec-1.1.0
#11 36.24    Compiling synstructure v0.14.0
#11 36.49    Compiling crossbeam-epoch v0.9.21
#11 36.79    Compiling fastrand v2.5.0
#11 36.91    Compiling crc32fast v1.5.2
#11 36.98    Compiling bytemuck v1.25.2
#11 37.13    Compiling arrayvec v0.7.8
#11 37.43    Compiling zerofrom-derive v0.1.8
#11 37.97    Compiling slab v0.4.12
#11 38.05    Compiling crossbeam-deque v0.8.8
#11 38.13    Compiling zerofrom v0.1.8
#11 38.26    Compiling yoke-derive v0.8.3
#11 38.69    Compiling miniz_oxide v0.9.1
#11 39.01    Compiling rustversion v1.0.23
#11 39.11    Compiling zmij v1.0.23
#11 39.19    Compiling itoa v1.0.18
#11 39.32    Compiling flate2 v1.1.10
#11 39.50    Compiling yoke v0.8.3
#11 39.59    Compiling same-file v1.0.6
#11 39.79    Compiling bitflags v1.3.2
#11 39.84    Compiling walkdir v2.5.0
#11 40.35    Compiling futures-lite v2.6.1
#11 40.67    Compiling toml_edit v0.25.15+spec-1.1.0
#11 41.22    Compiling event-listener v5.4.2
#11 41.31    Compiling lock_api v0.4.14
#11 41.39    Compiling concurrent-queue v2.5.0
#11 41.47    Compiling zerovec-derive v0.11.6
#11 42.00    Compiling once_cell v1.21.4
#11 42.11    Compiling version_check v0.9.5
#11 42.27    Compiling anyhow v1.0.104
#11 42.41    Compiling zerovec v0.11.8
#11 42.62    Compiling event-listener-strategy v0.5.4
#11 42.66    Compiling proc-macro-crate v3.5.0
#11 43.31    Compiling miniz_oxide v0.8.9
#11 43.75    Compiling bstr v1.13.1
#11 44.07    Compiling displaydoc v0.2.7
#11 44.39    Compiling rustix v1.1.5
#11 44.52    Compiling parking_lot_core v0.9.12
#11 44.86    Compiling zerocopy v0.8.57
#11 44.99    Compiling futures-sink v0.3.34
#11 45.03    Compiling async-task v4.7.1
#11 45.12    Compiling float-cmp v0.9.0
#11 45.17    Compiling either v1.18.0
#11 45.25    Compiling linux-raw-sys v0.12.1
#11 47.67    Compiling strict-num v0.1.1
#11 47.91    Compiling phf_shared v0.11.3
#11 48.40    Compiling zerocopy-derive v0.8.57
#11 49.01    Compiling arrayref v0.3.9
#11 49.03    Compiling option-ext v0.2.0
#11 50.61    Compiling parking_lot v0.12.5
#11 50.83    Compiling futures-channel v0.3.34
#11 50.92    Compiling tinystr v0.8.4
#11 51.02    Compiling globset v0.4.20
#11 51.48    Compiling async-channel v2.5.0
#11 51.55    Compiling tracing-core v0.1.36
#11 51.83    Compiling fdeflate v0.3.7
#11 52.02    Compiling enumflags2_derive v0.7.12
#11 52.19    Compiling futures-macro v0.3.34
#11 52.48    Compiling futures-task v0.3.34
#11 52.54    Compiling writeable v0.6.4
#11 52.62    Compiling litemap v0.8.3
#11 52.88    Compiling rand_core v0.6.4
#11 52.94    Compiling rand v0.8.8
#11 53.21    Compiling icu_locale_core v2.3.0
#11 53.70    Compiling futures-util v0.3.34
#11 54.69    Compiling zerotrie v0.2.5
#11 54.83    Compiling potential_utf v0.1.6
#11 54.89    Compiling polycool v0.4.0
#11 55.08    Compiling zvariant_utils v4.2.0
#11 55.69    Compiling async-io v2.6.0
#11 55.74    Compiling icu_properties_data v2.3.0
#11 55.80    Compiling rustc-hash v2.1.3
#11 55.85    Compiling getrandom v0.4.3
#11 55.93    Compiling utf8_iter v1.0.4
#11 55.99    Compiling icu_normalizer_data v2.3.0
#11 56.05    Compiling typenum v1.20.1
#11 56.37    Compiling serde_json v1.0.151
#11 56.44    Compiling hybrid-array v0.4.15
#11 56.65    Compiling icu_collections v2.3.0
#11 56.97    Compiling zvariant_derive v5.15.0
#11 57.12    Compiling kurbo v0.13.1
#11 57.81    Compiling icu_provider v2.3.1
#11 58.43    Compiling phf_generator v0.11.3
#11 58.50    Compiling polling v3.11.0
#11 58.60    Compiling slotmap v1.1.1
#11 58.76    Compiling euclid v0.22.14
#11 58.99    Compiling regex v1.13.1
#11 59.16    Compiling tracing-attributes v0.1.31
#11 59.56    Compiling getrandom v0.3.4
#11 59.64    Compiling endi v1.1.1
#11 59.74    Compiling toml_writer v1.1.2+spec-1.1.0
#11 59.80    Compiling unicode-xid v0.2.6
#11 59.84    Compiling rayon-core v1.13.0
#11 59.88    Compiling atomic-waker v1.1.2
#11 59.92    Compiling piper v0.2.5
#11 60.01    Compiling tracing v0.1.44
#11 60.78    Compiling svgtypes v0.16.1
#11 61.76    Compiling core_maths v0.1.1
#11 61.80    Compiling simplecss v0.2.2
#11 62.04    Compiling errno v0.3.14
#11 62.10    Compiling roxmltree v0.21.1
#11 62.49    Compiling new_debug_unreachable v1.0.6
#11 62.51    Compiling paste v1.0.15
#11 62.60    Compiling pico-args v0.5.0
#11 62.67    Compiling iana-time-zone v0.1.65
#11 62.76    Compiling data-url v0.3.2
#11 62.91    Compiling sha1_smol v1.0.1
#11 62.98    Compiling crunchy v0.2.4
#11 63.07    Compiling thiserror v2.0.20
#11 63.22    Compiling uuid v1.26.1
#11 63.41    Compiling chrono v0.4.45
#11 64.13    Compiling signal-hook-registry v1.4.8
#11 64.24    Compiling ttf-parser v0.25.1
#11 65.36    Compiling icu_normalizer v2.3.0
#11 65.61    Compiling icu_properties v2.3.0
#11 69.72    Compiling blocking v1.7.0
#11 69.83    Compiling lyon_geom v1.0.19
#11 69.98    Compiling string_cache_codegen v0.5.4
#11 70.14    Compiling phf_codegen v0.11.3
#11 70.18    Compiling crypto-common v0.2.2
#11 70.57    Compiling block-buffer v0.12.1
#11 70.65    Compiling futures-executor v0.3.34
#11 70.75    Compiling enumflags2 v0.7.12
#11 70.81    Compiling png v0.18.1
#11 71.34    Compiling gpui-pre-util v0.3.5
#11 71.43    Compiling async-lock v3.4.2
#11 71.64    Compiling pulp v0.22.3
#11 71.74    Compiling encoding_rs v0.8.41
#11 71.79    Compiling arc-swap v1.9.2
#11 71.88    Compiling multiversion-macros v0.9.0
#11 72.25    Compiling zcheapstr v1.1.0
#11 72.32    Compiling serde_spanned v1.1.1
#11 72.37    Compiling thiserror-impl v2.0.20
#11 72.82    Compiling object v0.37.3
#11 72.90    Compiling percent-encoding v2.3.2
#11 72.96    Compiling weezl v0.1.12
#11 73.14    Compiling unicode-segmentation v1.13.3
#11 73.30    Compiling libbz2-rs-sys v0.2.5
#11 73.60    Compiling roxmltree v0.20.0
#11 73.93    Compiling mac v0.1.1
#11 73.96    Compiling quick-error v2.0.1
#11 74.00    Compiling const-oid v0.10.2
#11 74.07    Compiling semver v1.0.28
#11 74.17    Compiling find-msvc-tools v0.1.13
#11 74.26    Compiling ref-cast v1.0.27
#11 74.35    Compiling zune-core v0.5.3
#11 74.45    Compiling tiny-keccak v2.0.2
#11 74.50    Compiling shlex v2.0.1
#11 74.58    Compiling lazy_static v1.5.0
#11 74.60    Compiling sharded-slab v0.1.7
#11 74.79    Compiling cc v1.4.7
#11 75.37    Compiling zune-jpeg v0.5.15
#11 75.79    Compiling rustc_version v0.4.1
#11 75.90    Compiling digest v0.11.3
#11 75.95    Compiling futf v0.1.5
#11 76.00    Compiling fontconfig-parser v0.5.8
#11 76.33    Compiling bzip2 v0.6.1
#11 76.41    Compiling convert_case v0.10.0
#11 76.51    Compiling form_urlencoded v1.2.2
#11 76.64    Compiling toml v1.1.6+spec-1.1.0
#11 77.38    Compiling zvariant v5.15.0
#11 78.42    Compiling multiversion v0.9.0
#11 78.47    Compiling gpui-pre-collections v0.3.5
#11 78.51    Compiling futures v0.3.34
#11 78.54    Compiling markup5ever v0.12.1
#11 78.70    Compiling lyon_path v1.0.19
#11 78.99    Compiling rand_core v0.9.5
#11 79.86    Compiling ignore v0.4.33
#11 80.55    Compiling idna_adapter v1.2.2
#11 80.60    Compiling async-signal v0.2.14
#11 80.96    Compiling tracing-log v0.2.0
#11 81.05    Compiling half v2.7.1
#11 81.23    Compiling ppv-lite86 v0.2.21
#11 81.38    Compiling tiny-skia-path v0.11.4
#11 81.83    Compiling num-complex v0.4.6
#11 82.09    Compiling rgb v0.8.53
#11 82.22    Compiling raw-cpuid v11.6.0
#11 83.23    Compiling memmap2 v0.9.11
#11 83.33    Compiling pin-project-internal v1.1.13
#11 83.75    Compiling thread_local v1.1.10
#11 83.84    Compiling ref-cast-impl v1.0.27
#11 84.04    Compiling serde_derive_internals v0.30.0
#11 84.46    Compiling byteorder v1.5.0
#11 84.55    Compiling gpui-pre-ztracing v0.3.5
#11 84.61    Compiling utf-8 v0.7.6
#11 84.70    Compiling unicode-bidi-mirroring v0.4.0
#11 84.74    Compiling pulp-wasm-simd-flag v0.1.1
#11 84.76    Compiling unicode-script v0.5.8
#11 84.94    Compiling heck v0.5.0
#11 85.04    Compiling precomputed-hash v0.1.1
#11 85.06    Compiling inotify-sys v0.1.8
#11 85.16    Compiling core_detect v1.0.0
#11 85.21    Compiling bytes v1.12.1
#11 85.52    Compiling simdutf8 v0.1.5
#11 85.60    Compiling tinyvec v1.13.3
#11 85.82    Compiling reborrow v0.5.5
#11 85.85    Compiling color_quant v1.1.0
#11 85.94    Compiling unicase v2.9.0
#11 86.02    Compiling heapless v0.9.3
#11 86.11    Compiling cpufeatures v0.3.1
#11 86.14    Compiling nu-ansi-term v0.50.3
#11 86.27    Compiling compression-core v0.4.33
#11 86.33    Compiling unicode-ccc v0.4.0
#11 86.37    Compiling thiserror v1.0.69
#11 86.48    Compiling unicode-properties v0.1.4
#11 86.57    Compiling gimli v0.32.3
#11 87.51    Compiling multiversion_no_op v1.0.0
#11 87.57    Compiling byteorder-lite v0.1.0
#11 87.65    Compiling image-webp v0.2.4
#11 88.94    Compiling addr2line v0.25.1
#11 89.06    Compiling rustybuzz v0.20.1
#11 90.36    Compiling compression-codecs v0.4.43
#11 90.46    Compiling tracing-subscriber v0.3.23
#11 91.21    Compiling sha2 v0.11.0
#11 91.61    Compiling mime_guess v2.0.5
#11 91.79    Compiling gif v0.14.2
#11 93.27    Compiling fontdb v0.23.0
#11 93.55    Compiling http v1.5.0
#11 94.00    Compiling string_cache v0.8.9
#11 94.07    Compiling tendril v0.4.3
#11 94.16    Compiling hash32 v0.3.1
#11 94.20    Compiling schemars_derive v1.2.2
#11 94.79    Compiling pin-project v1.1.13
#11 95.98    Compiling rand_chacha v0.9.0
#11 96.25    Compiling async-process v2.5.0
#11 96.67    Compiling idna v1.1.0
#11 97.14    Compiling globwalk v0.8.1
#11 97.32    Compiling gpui-pre-zlog v0.3.5
#11 97.65    Compiling zbus_names v4.3.4
#11 97.95    Compiling embed-resource v3.0.11
#11 99.39    Compiling derive_more-impl v2.1.1
#11 100.7    Compiling rayon v1.12.0
#11 101.6    Compiling png v0.17.16
#11 102.1    Compiling dirs-sys v0.5.0
#11 102.2    Compiling phf v0.11.3
#11 102.3    Compiling async-executor v1.14.0
#11 102.5    Compiling getrandom v0.2.17
#11 102.5    Compiling spin v0.9.9
#11 102.6    Compiling zune-inflate v0.2.54
#11 102.7    Compiling toml_datetime v0.6.11
#11 102.8    Compiling serde_spanned v0.6.9
#11 102.9    Compiling thiserror-impl v1.0.69
#11 103.3    Compiling serde_repr v0.1.21
#11 103.5    Compiling rustc-demangle v0.1.28
#11 103.7    Compiling base64 v0.22.1
#11 103.8    Compiling lebe v0.5.3
#11 103.9    Compiling gpui-pre-ztracing-macro v0.3.5
#11 103.9    Compiling toml_write v0.1.2
#11 104.0    Compiling unicode-width v0.2.2
#11 104.1    Compiling unicode-bidi v0.3.18
#11 104.4    Compiling unicode-vo v0.1.0
#11 104.5    Compiling arraydeque v0.5.1
#11 104.5    Compiling ident_case v1.0.1
#11 104.6    Compiling pxfm v0.1.30
#11 106.2    Compiling float_next_after v1.0.0
#11 106.2    Compiling bit_field v0.10.3
#11 106.3    Compiling strsim v0.11.1
#11 106.4    Compiling winnow v0.7.15
#11 107.1    Compiling dyn-clone v1.0.20
#11 107.2    Compiling imagesize v0.14.0
#11 107.3    Compiling ryu v1.0.23
#11 107.4    Compiling anstyle v1.0.14
#11 107.5    Compiling xmlwriter v0.1.0
#11 107.6    Compiling fax v0.2.7
#11 107.8    Compiling granit-parser v1.3.0
#11 108.2    Compiling tiff v0.11.3
#11 108.9    Compiling usvg v0.46.0
#11 110.4    Compiling annotate-snippets v0.12.16
#11 110.9    Compiling serde_urlencoded v0.7.1
#11 111.0    Compiling schemars v1.2.2
#11 111.9    Compiling toml_edit v0.22.27
#11 113.2    Compiling darling_core v0.24.1
#11 114.6    Compiling const-random-macro v0.1.16
#11 114.7    Compiling exr v1.74.2
#11 116.6    Compiling lyon_tessellation v1.0.22
#11 117.1    Compiling moxcms v0.8.1
#11 120.5    Compiling backtrace v0.3.76
#11 121.2    Compiling flume v0.12.0
#11 121.6    Compiling dirs v6.0.0
#11 121.7    Compiling tiny-skia v0.11.4
#11 122.6    Compiling derive_more v2.1.1
#11 122.7    Compiling gpui-pre v0.3.5
#11 122.8    Compiling zbus_macros v5.19.0
#11 123.9    Compiling url v2.5.8
#11 124.2    Compiling rand v0.9.5
#11 124.5    Compiling gpui-pre-perf v0.3.5
#11 125.4    Compiling http-body v1.1.0
#11 125.4    Compiling async-compression v0.4.48
#11 125.5    Compiling encoding_rs_io v0.1.8
#11 125.6    Compiling strum_macros v0.28.0
#11 126.4    Compiling lyon_algorithms v1.0.21
#11 126.6    Compiling itertools v0.14.0
#11 127.1    Compiling async-broadcast v0.7.2
#11 127.2    Compiling qoi v0.4.1
#11 127.3    Compiling crossbeam-queue v0.3.14
#11 127.3    Compiling ordered-stream v0.2.0
#11 127.4    Compiling gpui-pre-derive-refineable v0.3.5
#11 127.7    Compiling profiling-procmacros v1.0.18
#11 127.7    Compiling async-recursion v1.1.1
#11 128.0    Compiling html5ever v0.27.0
#11 128.3    Compiling enumn v0.1.14
#11 128.4    Compiling async-trait v0.1.92
#11 128.7    Compiling linktime-proc-macro v0.2.3
#11 129.0    Compiling web-time v1.1.0
#11 129.0    Compiling mime v0.3.17
#11 129.1    Compiling svg_fmt v0.4.5
#11 129.2    Compiling smol_str v0.3.6
#11 129.3    Compiling inventory v0.3.24
#11 129.3    Compiling base62 v2.2.6
#11 129.4    Compiling static_assertions v1.1.0
#11 129.4    Compiling link-section v0.19.3
#11 129.5    Compiling atomic v0.5.3
#11 129.6    Compiling nohash-hasher v0.2.0
#11 129.6    Compiling pollster v0.2.5
#11 129.7    Compiling base64 v0.23.1
#11 129.8    Compiling fixedbitset v0.5.7
#11 130.0    Compiling hex v0.4.3
#11 130.1    Compiling zbus v5.19.0
#11 134.5    Compiling futures-concurrency v7.7.1
#11 136.5    Compiling serde-saphyr v1.3.0
#11 137.9    Compiling postage v0.5.0
#11 138.2    Compiling ctor v1.0.13
#11 138.2    Compiling gpui-pre-shared-string v0.3.5
#11 138.3    Compiling etagere v0.2.15
#11 138.6    Compiling gpui-pre-scheduler v0.3.5
#11 139.2    Compiling accesskit v0.24.1
#11 139.5    Compiling profiling v1.0.18
#11 139.5    Compiling gpui-pre-refineable v0.3.5
#11 139.5    Compiling image v0.25.10
#11 143.9    Compiling lyon v1.0.19
#11 143.9    Compiling strum v0.28.0
#11 144.0    Compiling gpui-pre-http-client v0.3.5
#11 144.3    Compiling gpui-pre-sum-tree v0.3.5
#11 144.5    Compiling gpui-pre-util-macros v0.3.5
#11 144.6    Compiling resvg v0.46.0
#11 145.4    Compiling shellexpand v3.1.2
#11 145.5    Compiling const-random v0.1.18
#11 145.5    Compiling darling_macro v0.24.1
#11 145.6    Compiling toml v0.8.23
#11 145.9    Compiling rust-embed-utils v8.12.0
#11 146.0    Compiling gpui-pre-macros v0.3.5
#11 146.7    Compiling triomphe v0.1.16
#11 146.9    Compiling taffy v0.13.0
#11 147.8    Compiling tiny-skia-path v0.12.0
#11 148.1    Compiling itertools v0.11.0
#11 149.0    Compiling spin v0.10.1
#11 149.1    Compiling num_cpus v1.17.0
#11 149.2    Compiling instant v0.1.13
#11 149.3    Compiling gpui-kit-assets v0.6.4
#11 149.4    Compiling waker-fn v1.2.0
#11 149.5    Compiling seahash v4.1.0
#11 149.5    Compiling normpath v1.5.1
#11 149.6    Compiling pollster v0.4.0
#11 149.6    Compiling raw-window-handle v0.6.2
#11 166.8    Compiling rust-i18n-support v4.2.2
#11 167.4    Compiling rust-embed-impl v8.12.0
#11 167.6    Compiling darling v0.24.1
#11 167.7    Compiling dlv-list v0.5.2
#11 168.1    Compiling ashpd v0.13.13
#11 168.9    Compiling xml5ever v0.18.1
#11 169.2    Compiling rust-i18n v4.2.2
#11 169.4    Compiling async-fs v2.2.0
#11 169.7    Compiling async-net v2.0.0
#11 170.0    Compiling fluent-uri v0.1.4
#11 170.2    Compiling mio v1.2.3
#11 170.3    Compiling hashbrown v0.14.5
#11 170.6    Compiling unicode-id v0.3.7
#11 170.6    Compiling glob v0.3.4
#11 170.8    Compiling imagesize v0.15.0
#11 171.1    Compiling str_indices v0.4.4
#11 171.1    Compiling ropey v2.0.0-beta.1
#11 171.6    Compiling usvg v0.48.1
#11 172.5    Compiling rust-i18n-macro v4.2.2
#11 172.8    Compiling markdown v1.0.0
#11 174.1    Compiling ordered-multimap v0.7.3
#11 174.2    Compiling lsp-types v0.97.0
#11 177.6    Compiling smol v2.0.2
#11 178.0    Compiling markup5ever_rcdom v0.3.0
#11 178.2    Compiling serde_with_macros v3.23.0
#11 178.6    Compiling rust-embed v8.12.0
#11 178.6    Compiling freedesktop-core v0.0.3
#11 178.7    Compiling notify-types v1.0.1
#11 178.7    Compiling tiny-skia v0.12.0
#11 179.7    Compiling inotify v0.10.2
#11 180.2    Compiling filetime v0.2.29
#11 180.3    Compiling enum-iterator-derive v1.5.0
#11 180.7    Compiling native-theme v0.5.8
#11 180.9    Compiling konst_macro_rules v0.2.19
#11 180.9    Compiling gpui-component v0.6.4
#11 181.0    Compiling minimal-lexical v0.2.1
#11 181.1    Compiling cfg_aliases v0.2.2
#11 181.1    Compiling nix v0.31.3
#11 181.2    Compiling nom v7.1.3
#11 181.8    Compiling konst v0.2.20
#11 182.7    Compiling enum-iterator v2.3.0
#11 183.1    Compiling notify v7.0.0
#11 183.7    Compiling resvg v0.48.1
#11 184.7    Compiling serde_with v3.23.0
#11 185.3    Compiling gpui-base v0.6.4
#11 199.3    Compiling rust-ini v0.21.3
#11 199.5    Compiling const_format_proc_macros v0.2.34
#11 199.8    Compiling itertools v0.13.0
#11 200.4    Compiling gpui-component-macros v0.6.4
#11 200.7    Compiling is-docker v0.2.0
#11 200.7    Compiling native-theme-derive v0.5.8
#11 201.2    Compiling camino v1.2.6
#11 201.3    Compiling pollster v1.0.1
#11 201.3    Compiling configparser v3.3.0
#11 206.8    Compiling is-wsl v0.4.0
#11 226.9    Compiling const_format v0.2.36
#11 227.1    Compiling freedesktop-icon v0.0.3
#11 227.2    Compiling pori v0.0.0
#11 227.3    Compiling freedesktop-apps v0.0.3
#11 227.7    Compiling inotify v0.11.5
#11 227.9    Compiling partition-identity v0.3.1
#11 228.0    Compiling notify-types v2.1.0
#11 228.2    Compiling notify v8.2.0
#11 228.8    Compiling proc-mounts v0.3.0
#11 229.1    Compiling freedesktop v0.0.3
#11 229.7    Compiling wax v0.7.0
#11 234.5    Compiling native-theme-gpui v0.5.8 (/workspace/vendor/native-theme-gpui)
#11 235.0    Compiling open v5.4.4
#11 235.3    Compiling reflink-copy v0.1.30
#11 235.3    Compiling xattr v1.6.1
#11 235.5    Compiling musheen v0.1.0 (/workspace)
#11 235.6     Finished `dev` profile [unoptimized + debuginfo] target(s) in 3m 55s
#11 DONE 235.7s

#12 exporting to image
#12 exporting layers
#12 exporting layers 0.4s done
#12 writing image sha256:0f1a4c8b12127cb5a343c9fc577f1566884e9fb4e8234c6b9c5f000f9b8a170f done
#12 naming to docker.io/library/musheen-dep-015:bf3866f07ada done
#12 DONE 0.4s

View build details: docker-desktop://dashboard/build/default/default/pqpyifv1lqu9t41ojryziywrh
